[LOG] System::create                           : Header version = 2.02.26. Current version = 2.02.26.
[LOG] Manager::init                            : maxchannels = 256 studioflags = 00000006 flags 00000000 extradriverdata 0000000000000000.
[LOG] SystemI::init                            : Initialize version=20226 (148250), maxchannels=256, flags=0x00020000
[LOG] SystemI::setOutputInternal               : Setting output to 'FMOD WASAPI Output'
[LOG] OutputWASAPI::init                       : Mix Format (WAVEFORMATEX): wFormatTag=0xFFFE, nChannels=2, nSamplesPerSec=48000, nAvgBytesPerSec=384000, nBlockAlign=8, wBitsPerSample=32, cbSize=22.
[LOG] OutputWASAPI::init                       : Mix Format (WAVEFORMATEXTENSIBLE): wValidBitsPerSample=32, dwChannelMask=0x00000003, SubFormat=00000003-0000-0010-8000-00AA00389B71.
[LOG] OutputWASAPI::init                       : Output buffer size: 4096 samples, latency: 0.00ms, period: 10.00ms, DSP buffer: 1024 * 4
[LOG] Thread::initThread                       : Init FMOD stream thread. Affinity: 0x4000000000000003, Priority: 0xFFFF7FFB, Stack Size: 98304, Semaphore: No, Sleep Time: 10, Looping: Yes.
[LOG] Thread::initThread                       : Init FMOD mixer thread. Affinity: 0x4000000000000001, Priority: 0xFFFF7FFA, Stack Size: 81920, Semaphore: No, Sleep Time: 0, Looping: Yes.
[LOG] AsyncManager::init                       : manager 000002544BF92178 isAsync 0 updatePeriod 0.02
[LOG] AsyncManager::init                       : done
[LOG] PlaybackSystem::init                     : 
[LOG] Thread::initThread                       : Init FMOD Studio sample load thread. Affinity: 0x4000000000000003, Priority: 0xFFFF7FFD, Stack Size: 98304, Semaphore: No, Sleep Time: 1, Looping: No.
[LOG] PlaybackSystem::init                     : done
[LOG] Thread::initThread                       : Init FMOD Studio bank load thread. Affinity: 0x4000000000000003, Priority: 0xFFFF7FFD, Stack Size: 98304, Semaphore: No, Sleep Time: 1, Looping: No.
[LOG] Manager::init                            : done.
[LOG] Manager::readBank                        : fileversion = 142, compatVersion = 140 (oldest = 44, newest = 142)
[LOG] Manager::readBank                        : fileversion = 142, compatVersion = 140 (oldest = 44, newest = 142)
[LOG] PlaybackSystem::acquireMasterBus         : Setting master channel group format to 6
[LOG] SoundI::release                          : mus_gameplay_loop (00000255028A4A98)
[LOG] SoundI::release                          :     mus_gameplay_loop (00000252200B3D08)
[LOG] SoundI::release                          :     mus_gameplay_loop (000002549305CCB8)
[LOG] SystemI::createSound                     : filename = Assets/FMODBanks/Desktop/Master.bank : mode 02010082
[LOG] SystemI::createSound                     : FMOD_NONBLOCKING specified.  Putting into queue to be opened asynchronously!
[LOG] AsyncThread::add                         : add sound to async queue : soundi = 00000255028A4DF8, queue head = 00000253AC7C5BE8, queue count = 0
[LOG] AsyncThread::threadFunc                  : Starting Asynchronous operation on sound 00000255028A4DF8
[LOG] SystemI::createSoundInternal             :     Create name='Assets/FMODBanks/Desktop/Master.bank', mode=0x02010082
[LOG] SystemI::createSoundInternal             :     exinfo->cbsize             = 224
[LOG] SystemI::createSoundInternal             :     exinfo->length             = 1323200
[LOG] SystemI::createSoundInternal             :     exinfo->fileoffset         = 13984
[LOG] SystemI::createSoundInternal             :     exinfo->numsubsounds       = 1
[LOG] SystemI::createSoundInternal             :     exinfo->inclusionlist      = 0000025220082290
[LOG] SystemI::createSoundInternal             :     exinfo->inclusionlistnum   = 1
[LOG] SystemI::createSoundInternal             :     exinfo->suggestedsoundtype = 5
[LOG] SystemI::createSoundInternal             :     exinfo->initialseekpostype = 1
[LOG] SystemI::createSoundInternal             :     Stream 0/1: name='mus_gameplay_loop', format=5, channels=2, frequency=48000, lengthbytes=1052512, lengthpcm=3840000, pcmblocksize=0, loopstart=0, loopend=0, mode=0x00000000, channelmask=0x00000000, channelorder=0, peakvolume=0.337463.
[LOG] AsyncThread::threadFunc                  : Finished Asynchronous operation on sound 00000255028A4DF8
[LOG] SystemI::createSoundInternal             : Create name='', mode=0x02000202
[LOG] SystemI::createSoundInternal             : exinfo->cbsize             = 224
[LOG] SystemI::createSoundInternal             : exinfo->length             = 1323200
[LOG] SystemI::createSoundInternal             : exinfo->fileoffset         = 13984
[LOG] SystemI::createSoundInternal             : exinfo->numsubsounds       = 1
[LOG] SystemI::createSoundInternal             : exinfo->inclusionlist      = 00000054396FEC88
[LOG] SystemI::createSoundInternal             : exinfo->inclusionlistnum   = 1
[LOG] SystemI::createSoundInternal             : exinfo->suggestedsoundtype = 5
[LOG] SystemI::createSoundInternal             : exinfo->useropen           = 00007FFF07F15B90
[LOG] SystemI::createSoundInternal             : exinfo->userclose          = 00007FFF07F15B50
[LOG] SystemI::createSoundInternal             : exinfo->userread           = 00007FFF07F15C70
[LOG] SystemI::createSoundInternal             : exinfo->userseek           = 00007FFF07F15D30
[LOG] SystemI::createSoundInternal             : exinfo->fileuserdata       = 00000254EC3072F8
[LOG] SystemI::createSoundInternal             : exinfo->initialseekpostype = 1
[LOG] SystemI::DSPCodecPoolRegister            : register codec pool for pool type 5
[LOG] SystemI::createSoundInternal             : Sample 0/1: name='sfx_mouse_on_card_var_2', format=5, channels=2, frequency=48000, lengthbytes=9216, lengthpcm=48000, pcmblocksize=0, loopstart=0, loopend=0, mode=0x00000000, channelmask=0x00000000, channelorder=0, peakvolume=0.768188.
[LOG] SystemI::createSoundInternal             : Create name='', mode=0x02000202
[LOG] SystemI::createSoundInternal             : exinfo->cbsize             = 224
[LOG] SystemI::createSoundInternal             : exinfo->length             = 1323200
[LOG] SystemI::createSoundInternal             : exinfo->fileoffset         = 13984
[LOG] SystemI::createSoundInternal             : exinfo->numsubsounds       = 1
[LOG] SystemI::createSoundInternal             : exinfo->inclusionlist      = 00000054396FEC88
[LOG] SystemI::createSoundInternal             : exinfo->inclusionlistnum   = 1
[LOG] SystemI::createSoundInternal             : exinfo->suggestedsoundtype = 5
[LOG] SystemI::createSoundInternal             : exinfo->useropen           = 00007FFF07F15B90
[LOG] SystemI::createSoundInternal             : exinfo->userclose          = 00007FFF07F15B50
[LOG] SystemI::createSoundInternal             : exinfo->userread           = 00007FFF07F15C70
[LOG] SystemI::createSoundInternal             : exinfo->userseek           = 00007FFF07F15D30
[LOG] SystemI::createSoundInternal             : exinfo->fileuserdata       = 00000254EC3072F8
[LOG] SystemI::createSoundInternal             : exinfo->initialseekpostype = 1
[LOG] SystemI::DSPCodecPoolRegister            : register codec pool for pool type 5
[LOG] SystemI::createSoundInternal             : Sample 0/1: name='sfx_mouse_on_card_var_1', format=5, channels=2, frequency=48000, lengthbytes=8992, lengthpcm=48000, pcmblocksize=0, loopstart=0, loopend=0, mode=0x00000000, channelmask=0x00000000, channelorder=0, peakvolume=0.463989.
[LOG] SystemI::createSoundInternal             : Create name='', mode=0x02000202
[LOG] SystemI::createSoundInternal             : exinfo->cbsize             = 224
[LOG] SystemI::createSoundInternal             : exinfo->length             = 1323200
[LOG] SystemI::createSoundInternal             : exinfo->fileoffset         = 13984
[LOG] SystemI::createSoundInternal             : exinfo->numsubsounds       = 1
[LOG] SystemI::createSoundInternal             : exinfo->inclusionlist      = 00000054396FEC88
[LOG] SystemI::createSoundInternal             : exinfo->inclusionlistnum   = 1
[LOG] SystemI::createSoundInternal             : exinfo->suggestedsoundtype = 5
[LOG] SystemI::createSoundInternal             : exinfo->useropen           = 00007FFF07F15B90
[LOG] SystemI::createSoundInternal             : exinfo->userclose          = 00007FFF07F15B50
[LOG] SystemI::createSoundInternal             : exinfo->userread           = 00007FFF07F15C70
[LOG] SystemI::createSoundInternal             : exinfo->userseek           = 00007FFF07F15D30
[LOG] SystemI::createSoundInternal             : exinfo->fileuserdata       = 00000253CEDBEB88
[LOG] SystemI::createSoundInternal             : exinfo->initialseekpostype = 1
[LOG] SystemI::DSPCodecPoolRegister            : register codec pool for pool type 5
[LOG] SystemI::createSoundInternal             : Sample 0/1: name='sfx_hold_card_var_1', format=5, channels=2, frequency=48000, lengthbytes=8480, lengthpcm=48000, pcmblocksize=0, loopstart=0, loopend=0, mode=0x00000000, channelmask=0x00000000, channelorder=0, peakvolume=0.854065.
[LOG] SystemI::createSoundInternal             : Create name='', mode=0x02000202
[LOG] SystemI::createSoundInternal             : exinfo->cbsize             = 224
[LOG] SystemI::createSoundInternal             : exinfo->length             = 1323200
[LOG] SystemI::createSoundInternal             : exinfo->fileoffset         = 13984
[LOG] SystemI::createSoundInternal             : exinfo->numsubsounds       = 1
[LOG] SystemI::createSoundInternal             : exinfo->inclusionlist      = 00000054396FEC88
[LOG] SystemI::createSoundInternal             : exinfo->inclusionlistnum   = 1
[LOG] SystemI::createSoundInternal             : exinfo->suggestedsoundtype = 5
[LOG] SystemI::createSoundInternal             : exinfo->useropen           = 00007FFF07F15B90
[LOG] SystemI::createSoundInternal             : exinfo->userclose          = 00007FFF07F15B50
[LOG] SystemI::createSoundInternal             : exinfo->userread           = 00007FFF07F15C70
[LOG] SystemI::createSoundInternal             : exinfo->userseek           = 00007FFF07F15D30
[LOG] SystemI::createSoundInternal             : exinfo->fileuserdata       = 00000253CEDBEB88
[LOG] SystemI::createSoundInternal             : exinfo->initialseekpostype = 1
[LOG] SystemI::DSPCodecPoolRegister            : register codec pool for pool type 5
[LOG] SystemI::createSoundInternal             : Sample 0/1: name='sfx_hold_card_var_2', format=5, channels=2, frequency=48000, lengthbytes=8384, lengthpcm=48000, pcmblocksize=0, loopstart=0, loopend=0, mode=0x00000000, channelmask=0x00000000, channelorder=0, peakvolume=0.887024.
[LOG] SystemI::createSoundInternal             : Create name='', mode=0x02000202
[LOG] SystemI::createSoundInternal             : exinfo->cbsize             = 224
[LOG] SystemI::createSoundInternal             : exinfo->length             = 1323200
[LOG] SystemI::createSoundInternal             : exinfo->fileoffset         = 13984
[LOG] SystemI::createSoundInternal             : exinfo->numsubsounds       = 1
[LOG] SystemI::createSoundInternal             : exinfo->inclusionlist      = 00000054396FEC88
[LOG] SystemI::createSoundInternal             : exinfo->inclusionlistnum   = 1
[LOG] SystemI::createSoundInternal             : exinfo->suggestedsoundtype = 5
[LOG] SystemI::createSoundInternal             : exinfo->useropen           = 00007FFF07F15B90
[LOG] SystemI::createSoundInternal             : exinfo->userclose          = 00007FFF07F15B50
[LOG] SystemI::createSoundInternal             : exinfo->userread           = 00007FFF07F15C70
[LOG] SystemI::createSoundInternal             : exinfo->userseek           = 00007FFF07F15D30
[LOG] SystemI::createSoundInternal             : exinfo->fileuserdata       = 00000254FEF8D408
[LOG] SystemI::createSoundInternal             : exinfo->initialseekpostype = 1
[LOG] SystemI::DSPCodecPoolRegister            : register codec pool for pool type 5
[LOG] SystemI::createSoundInternal             : Sample 0/1: name='sfx_return_cards', format=5, channels=2, frequency=48000, lengthbytes=22208, lengthpcm=96000, pcmblocksize=0, loopstart=0, loopend=0, mode=0x00000000, channelmask=0x00000000, channelorder=0, peakvolume=0.569794.
[LOG] SystemI::createSoundInternal             : Create name='', mode=0x02000202
[LOG] SystemI::createSoundInternal             : exinfo->cbsize             = 224
[LOG] SystemI::createSoundInternal             : exinfo->length             = 1323200
[LOG] SystemI::createSoundInternal             : exinfo->fileoffset         = 13984
[LOG] SystemI::createSoundInternal             : exinfo->numsubsounds       = 1
[LOG] SystemI::createSoundInternal             : exinfo->inclusionlist      = 00000054396FEC88
[LOG] SystemI::createSoundInternal             : exinfo->inclusionlistnum   = 1
[LOG] SystemI::createSoundInternal             : exinfo->suggestedsoundtype = 5
[LOG] SystemI::createSoundInternal             : exinfo->useropen           = 00007FFF07F15B90
[LOG] SystemI::createSoundInternal             : exinfo->userclose          = 00007FFF07F15B50
[LOG] SystemI::createSoundInternal             : exinfo->userread           = 00007FFF07F15C70
[LOG] SystemI::createSoundInternal             : exinfo->userseek           = 00007FFF07F15D30
[LOG] SystemI::createSoundInternal             : exinfo->fileuserdata       = 00000254EC307B38
[LOG] SystemI::createSoundInternal             : exinfo->initialseekpostype = 1
[LOG] SystemI::DSPCodecPoolRegister            : register codec pool for pool type 5
[LOG] SystemI::createSoundInternal             : Sample 0/1: name='sfx_get_tips', format=5, channels=2, frequency=48000, lengthbytes=30816, lengthpcm=96000, pcmblocksize=0, loopstart=0, loopend=0, mode=0x00000000, channelmask=0x00000000, channelorder=0, peakvolume=0.297058.
[LOG] SystemI::createSoundInternal             : Create name='', mode=0x02000202
[LOG] SystemI::createSoundInternal             : exinfo->cbsize             = 224
[LOG] SystemI::createSoundInternal             : exinfo->length             = 1323200
[LOG] SystemI::createSoundInternal             : exinfo->fileoffset         = 13984
[LOG] SystemI::createSoundInternal             : exinfo->numsubsounds       = 1
[LOG] SystemI::createSoundInternal             : exinfo->inclusionlist      = 00000054396FEC88
[LOG] SystemI::createSoundInternal             : exinfo->inclusionlistnum   = 1
[LOG] SystemI::createSoundInternal             : exinfo->suggestedsoundtype = 5
[LOG] SystemI::createSoundInternal             : exinfo->useropen           = 00007FFF07F15B90
[LOG] SystemI::createSoundInternal             : exinfo->userclose          = 00007FFF07F15B50
[LOG] SystemI::createSoundInternal             : exinfo->userread           = 00007FFF07F15C70
[LOG] SystemI::createSoundInternal             : exinfo->userseek           = 00007FFF07F15D30
[LOG] SystemI::createSoundInternal             : exinfo->fileuserdata       = 00000253D8B15558
[LOG] SystemI::createSoundInternal             : exinfo->initialseekpostype = 1
[LOG] SystemI::DSPCodecPoolRegister            : register codec pool for pool type 5
[LOG] SystemI::createSoundInternal             : Sample 0/1: name='sfx_increase_status_var_2', format=5, channels=2, frequency=48000, lengthbytes=23648, lengthpcm=72000, pcmblocksize=0, loopstart=0, loopend=0, mode=0x00000000, channelmask=0x00000000, channelorder=0, peakvolume=0.417236.
[LOG] SystemI::createSoundInternal             : Create name='', mode=0x02000202
[LOG] SystemI::createSoundInternal             : exinfo->cbsize             = 224
[LOG] SystemI::createSoundInternal             : exinfo->length             = 1323200
[LOG] SystemI::createSoundInternal             : exinfo->fileoffset         = 13984
[LOG] SystemI::createSoundInternal             : exinfo->numsubsounds       = 1
[LOG] SystemI::createSoundInternal             : exinfo->inclusionlist      = 00000054396FEC88
[LOG] SystemI::createSoundInternal             : exinfo->inclusionlistnum   = 1
[LOG] SystemI::createSoundInternal             : exinfo->suggestedsoundtype = 5
[LOG] SystemI::createSoundInternal             : exinfo->useropen           = 00007FFF07F15B90
[LOG] SystemI::createSoundInternal             : exinfo->userclose          = 00007FFF07F15B50
[LOG] SystemI::createSoundInternal             : exinfo->userread           = 00007FFF07F15C70
[LOG] SystemI::createSoundInternal             : exinfo->userseek           = 00007FFF07F15D30
[LOG] SystemI::createSoundInternal             : exinfo->fileuserdata       = 00000253D8B15558
[LOG] SystemI::createSoundInternal             : exinfo->initialseekpostype = 1
[LOG] SystemI::DSPCodecPoolRegister            : register codec pool for pool type 5
[LOG] SystemI::createSoundInternal             : Sample 0/1: name='sfx_increase_status_var_1', format=5, channels=2, frequency=48000, lengthbytes=21600, lengthpcm=72000, pcmblocksize=0, loopstart=0, loopend=0, mode=0x00000000, channelmask=0x00000000, channelorder=0, peakvolume=0.357849.
[LOG] SystemI::createSoundInternal             : Create name='', mode=0x02000202
[LOG] SystemI::createSoundInternal             : exinfo->cbsize             = 224
[LOG] SystemI::createSoundInternal             : exinfo->length             = 1323200
[LOG] SystemI::createSoundInternal             : exinfo->fileoffset         = 13984
[LOG] SystemI::createSoundInternal             : exinfo->numsubsounds       = 1
[LOG] SystemI::createSoundInternal             : exinfo->inclusionlist      = 00000054396FEC88
[LOG] SystemI::createSoundInternal             : exinfo->inclusionlistnum   = 1
[LOG] SystemI::createSoundInternal             : exinfo->suggestedsoundtype = 5
[LOG] SystemI::createSoundInternal             : exinfo->useropen           = 00007FFF07F15B90
[LOG] SystemI::createSoundInternal             : exinfo->userclose          = 00007FFF07F15B50
[LOG] SystemI::createSoundInternal             : exinfo->userread           = 00007FFF07F15C70
[LOG] SystemI::createSoundInternal             : exinfo->userseek           = 00007FFF07F15D30
[LOG] SystemI::createSoundInternal             : exinfo->fileuserdata       = 00000254EC307718
[LOG] SystemI::createSoundInternal             : exinfo->initialseekpostype = 1
[LOG] SystemI::DSPCodecPoolRegister            : register codec pool for pool type 5
[LOG] SystemI::createSoundInternal             : Sample 0/1: name='sfx_joker_cards', format=5, channels=2, frequency=48000, lengthbytes=37728, lengthpcm=120000, pcmblocksize=0, loopstart=0, loopend=0, mode=0x00000000, channelmask=0x00000000, channelorder=0, peakvolume=0.594849.
[LOG] SoundI::release                          : mus_gameplay_loop (00000255028A4DF8)
[LOG] SoundI::release                          :     mus_gameplay_loop (00000254F1DB5618)
[LOG] SoundI::release                          :     mus_gameplay_loop (000002549305D1C8)
[LOG] SystemI::createSound                     : filename = Assets/FMODBanks/Desktop/Master.bank : mode 02010082
[LOG] SystemI::createSound                     : FMOD_NONBLOCKING specified.  Putting into queue to be opened asynchronously!
[LOG] AsyncThread::add                         : add sound to async queue : soundi = 00000254B3E17038, queue head = 00000253AC7C5BE8, queue count = 0
[LOG] AsyncThread::threadFunc                  : Starting Asynchronous operation on sound 00000254B3E17038
[LOG] SystemI::createSoundInternal             :     Create name='Assets/FMODBanks/Desktop/Master.bank', mode=0x02010082
[LOG] SystemI::createSoundInternal             :     exinfo->cbsize             = 224
[LOG] SystemI::createSoundInternal             :     exinfo->length             = 1323200
[LOG] SystemI::createSoundInternal             :     exinfo->fileoffset         = 13984
[LOG] SystemI::createSoundInternal             :     exinfo->numsubsounds       = 1
[LOG] SystemI::createSoundInternal             :     exinfo->inclusionlist      = 000002534041AD00
[LOG] SystemI::createSoundInternal             :     exinfo->inclusionlistnum   = 1
[LOG] SystemI::createSoundInternal             :     exinfo->suggestedsoundtype = 5
[LOG] SystemI::createSoundInternal             :     exinfo->initialseekpostype = 1
[LOG] SystemI::createSoundInternal             :     Stream 0/1: name='mus_gameplay_loop', format=5, channels=2, frequency=48000, lengthbytes=1052512, lengthpcm=3840000, pcmblocksize=0, loopstart=0, loopend=0, mode=0x00000000, channelmask=0x00000000, channelorder=0, peakvolume=0.337463.
[LOG] AsyncThread::threadFunc                  : Finished Asynchronous operation on sound 00000254B3E17038
[LOG] SoundI::release                          : mus_gameplay_loop (00000254B3E17038)
[LOG] SoundI::release                          :     mus_gameplay_loop (00000254F1DB6178)
[LOG] SoundI::release                          :     mus_gameplay_loop (000002549305CCB8)
[LOG] SoundI::release                          :  (000002544C40EC98)
[LOG] SoundI::release                          :     sfx_return_cards (00000254F1DB57B8)
[LOG] SoundI::release                          :  (00000254EEEDE7A8)
[LOG] SoundI::release                          :     sfx_joker_cards (00000254F1DB7698)
[LOG] SoundI::release                          :  (00000254EEEDEA88)
[LOG] SoundI::release                          :     sfx_mouse_on_card_var_1 (00000254F1DBA5B8)
[LOG] SoundI::release                          :  (00000254EEEDE358)
[LOG] SoundI::release                          :     sfx_mouse_on_card_var_2 (00000254F1DBA418)
[LOG] SoundI::release                          :  (00000253D8916F58)
[LOG] SoundI::release                          :     sfx_increase_status_var_1 (00000254F1DB74F8)
[LOG] SoundI::release                          :  (00000253D89163D8)
[LOG] SoundI::release                          :     sfx_increase_status_var_2 (00000254F1DB6998)
[LOG] SoundI::release                          :  (00000254FBC5E358)
[LOG] SoundI::release                          :     sfx_hold_card_var_1 (00000254F1DB71B8)
[LOG] SoundI::release                          :  (00000254FBC5ED68)
[LOG] SoundI::release                          :     sfx_hold_card_var_2 (00000254F1DB8D58)
[LOG] SoundI::release                          :  (00000254EEEDEBF8)
[LOG] SoundI::release                          :     sfx_get_tips (00000254F1DBA8F8)
[LOG] Thread::callback                         : FMOD Studio update thread finished.
[LOG] Thread::callback                         : FMOD Studio bank load thread finished.
[LOG] Profile::disconnectAll                   : Profiler disconnecting all clients
[LOG] Thread::callback                         : FMOD Studio sample load thread finished.
[LOG] LiveUpdate::release                      : 
[LOG] LiveUpdate::reset                        : Reset connection (reason Disconnected)
[LOG] Thread::callback                         : FMOD stream thread finished.
[LOG] Thread::callback                         : FMOD mixer thread finished.
[LOG] Profile::disconnectAll                   : Profiler disconnecting all clients
[LOG] SystemI::close                           : Closed.
